   ▲ Next.js 15.5.19
   - Local:        http://localhost:4000
   - Network:      http://192.168.1.3:4000

 ✓ Starting...
 ⚠ "next start" does not work with "output: standalone" configuration. Use "node .next/standalone/server.js" instead.
 ✓ Ready in 750ms
[31m[auth][error][0m CredentialsSignin: Read more at https://errors.authjs.dev#credentialssignin
    at fw (C:\Users\pc\Desktop\Airbone\admin\.next\server\chunks\2599.js:404:41006)
    at async fF (C:\Users\pc\Desktop\Airbone\admin\.next\server\chunks\2599.js:404:50586)
    at async fH (C:\Users\pc\Desktop\Airbone\admin\.next\server\chunks\2599.js:404:54838)
    at async rH.do (C:\Users\pc\Desktop\Airbone\admin\node_modules\next\dist\compiled\next-server\app-route.runtime.prod.js:5:21048)
    at async rH.handle (C:\Users\pc\Desktop\Airbone\admin\node_modules\next\dist\compiled\next-server\app-route.runtime.prod.js:5:25866)
    at async k (C:\Users\pc\Desktop\Airbone\admin\.next\server\app\api\auth\[...nextauth]\route.js:1:3318)
    at async rH.handleResponse (C:\Users\pc\Desktop\Airbone\admin\node_modules\next\dist\compiled\next-server\app-route.runtime.prod.js:1:110708)
    at async g (C:\Users\pc\Desktop\Airbone\admin\.next\server\app\api\auth\[...nextauth]\route.js:1:4321)
    at async D (C:\Users\pc\Desktop\Airbone\admin\.next\server\app\api\auth\[...nextauth]\route.js:1:5443)
    at async NextNodeServer.renderToResponseWithComponentsImpl (C:\Users\pc\Desktop\Airbone\admin\node_modules\next\dist\server\base-server.js:1430:9)
[31m[auth][error][0m MissingCSRF: CSRF token was missing during an action callback. Read more at https://errors.authjs.dev#missingcsrf
    at cj (C:\Users\pc\Desktop\Airbone\admin\.next\server\chunks\2599.js:1:66081)
    at fF (C:\Users\pc\Desktop\Airbone\admin\.next\server\chunks\2599.js:404:50578)
    at async fH (C:\Users\pc\Desktop\Airbone\admin\.next\server\chunks\2599.js:404:54838)
    at async rH.do (C:\Users\pc\Desktop\Airbone\admin\node_modules\next\dist\compiled\next-server\app-route.runtime.prod.js:5:21048)
    at async rH.handle (C:\Users\pc\Desktop\Airbone\admin\node_modules\next\dist\compiled\next-server\app-route.runtime.prod.js:5:25866)
    at async k (C:\Users\pc\Desktop\Airbone\admin\.next\server\app\api\auth\[...nextauth]\route.js:1:3318)
    at async rH.handleResponse (C:\Users\pc\Desktop\Airbone\admin\node_modules\next\dist\compiled\next-server\app-route.runtime.prod.js:1:110708)
    at async g (C:\Users\pc\Desktop\Airbone\admin\.next\server\app\api\auth\[...nextauth]\route.js:1:4321)
    at async D (C:\Users\pc\Desktop\Airbone\admin\.next\server\app\api\auth\[...nextauth]\route.js:1:5443)
    at async NextNodeServer.renderToResponseWithComponentsImpl (C:\Users\pc\Desktop\Airbone\admin\node_modules\next\dist\server\base-server.js:1430:9)
[31m[auth][error][0m CredentialsSignin: Read more at https://errors.authjs.dev#credentialssignin
    at fw (C:\Users\pc\Desktop\Airbone\admin\.next\server\chunks\2599.js:404:41006)
    at async fF (C:\Users\pc\Desktop\Airbone\admin\.next\server\chunks\2599.js:404:50586)
    at async fH (C:\Users\pc\Desktop\Airbone\admin\.next\server\chunks\2599.js:404:54838)
    at async rH.do (C:\Users\pc\Desktop\Airbone\admin\node_modules\next\dist\compiled\next-server\app-route.runtime.prod.js:5:21048)
    at async rH.handle (C:\Users\pc\Desktop\Airbone\admin\node_modules\next\dist\compiled\next-server\app-route.runtime.prod.js:5:25866)
    at async k (C:\Users\pc\Desktop\Airbone\admin\.next\server\app\api\auth\[...nextauth]\route.js:1:3318)
    at async rH.handleResponse (C:\Users\pc\Desktop\Airbone\admin\node_modules\next\dist\compiled\next-server\app-route.runtime.prod.js:1:110708)
    at async g (C:\Users\pc\Desktop\Airbone\admin\.next\server\app\api\auth\[...nextauth]\route.js:1:4321)
    at async D (C:\Users\pc\Desktop\Airbone\admin\.next\server\app\api\auth\[...nextauth]\route.js:1:5443)
    at async NextNodeServer.renderToResponseWithComponentsImpl (C:\Users\pc\Desktop\Airbone\admin\node_modules\next\dist\server\base-server.js:1430:9)
prisma:error 
Invalid `prisma.admission.findFirst()` invocation:


Inconsistent column data: Error creating UUID, invalid character: expected an optional prefix of `urn:uuid:` followed by [0-9a-fA-F-], found `u` at 1
[unhandled error] Error [PrismaClientKnownRequestError]: 
Invalid `prisma.admission.findFirst()` invocation:


Inconsistent column data: Error creating UUID, invalid character: expected an optional prefix of `urn:uuid:` followed by [0-9a-fA-F-], found `u` at 1
    at async r.getById (C:\Users\pc\Desktop\Airbone\admin\.next\server\chunks\9657.js:1:2273)
    at async r.update (C:\Users\pc\Desktop\Airbone\admin\.next\server\chunks\9657.js:1:4887)
    at async A (C:\Users\pc\Desktop\Airbone\admin\.next\server\app\api\v1\admissions\[id]\route.js:1:2432)
    at async k (C:\Users\pc\Desktop\Airbone\admin\.next\server\app\api\v1\admissions\[id]\route.js:1:5199) {
  code: 'P2023',
  meta: [Object],
  clientVersion: '6.19.3'
}
prisma:error 
Invalid `prisma.admission.findFirst()` invocation:


Inconsistent column data: Error creating UUID, invalid character: expected an optional prefix of `urn:uuid:` followed by [0-9a-fA-F-], found `u` at 1
[unhandled error] Error [PrismaClientKnownRequestError]: 
Invalid `prisma.admission.findFirst()` invocation:


Inconsistent column data: Error creating UUID, invalid character: expected an optional prefix of `urn:uuid:` followed by [0-9a-fA-F-], found `u` at 1
    at async r.getById (C:\Users\pc\Desktop\Airbone\admin\.next\server\chunks\9657.js:1:2273)
    at async z (C:\Users\pc\Desktop\Airbone\admin\.next\server\app\api\v1\admissions\[id]\route.js:1:2199)
    at async k (C:\Users\pc\Desktop\Airbone\admin\.next\server\app\api\v1\admissions\[id]\route.js:1:5199) {
  code: 'P2023',
  meta: [Object],
  clientVersion: '6.19.3'
}
prisma:error 
Invalid `prisma.admission.findFirst()` invocation:


Inconsistent column data: Error creating UUID, invalid character: expected an optional prefix of `urn:uuid:` followed by [0-9a-fA-F-], found `u` at 1
[unhandled error] Error [PrismaClientKnownRequestError]: 
Invalid `prisma.admission.findFirst()` invocation:


Inconsistent column data: Error creating UUID, invalid character: expected an optional prefix of `urn:uuid:` followed by [0-9a-fA-F-], found `u` at 1
    at async r.getById (C:\Users\pc\Desktop\Airbone\admin\.next\server\chunks\9657.js:1:2273)
    at async r.changeStage (C:\Users\pc\Desktop\Airbone\admin\.next\server\chunks\9657.js:1:7891)
    at async z (C:\Users\pc\Desktop\Airbone\admin\.next\server\app\api\v1\admissions\[id]\stage\route.js:1:2528)
    at async k (C:\Users\pc\Desktop\Airbone\admin\.next\server\app\api\v1\admissions\[id]\stage\route.js:1:5535) {
  code: 'P2023',
  meta: [Object],
  clientVersion: '6.19.3'
}
prisma:error 
Invalid `prisma.admission.findFirst()` invocation:


Inconsistent column data: Error creating UUID, invalid character: expected an optional prefix of `urn:uuid:` followed by [0-9a-fA-F-], found `u` at 1
[unhandled error] Error [PrismaClientKnownRequestError]: 
Invalid `prisma.admission.findFirst()` invocation:


Inconsistent column data: Error creating UUID, invalid character: expected an optional prefix of `urn:uuid:` followed by [0-9a-fA-F-], found `u` at 1
    at async r.getById (C:\Users\pc\Desktop\Airbone\admin\.next\server\chunks\9657.js:1:2273)
    at async z (C:\Users\pc\Desktop\Airbone\admin\.next\server\app\api\v1\admissions\[id]\route.js:1:2199)
    at async k (C:\Users\pc\Desktop\Airbone\admin\.next\server\app\api\v1\admissions\[id]\route.js:1:5199) {
  code: 'P2023',
  meta: [Object],
  clientVersion: '6.19.3'
}
prisma:error 
Invalid `prisma.$queryRaw()` invocation:


Raw query failed. Code: `22P02`. Message: `ERROR: invalid input syntax for type uuid: "undefined"`
[unhandled error] Error [PrismaClientKnownRequestError]: 
Invalid `prisma.$queryRaw()` invocation:


Raw query failed. Code: `22P02`. Message: `ERROR: invalid input syntax for type uuid: "undefined"`
    at async (C:\Users\pc\Desktop\Airbone\admin\.next\server\chunks\8510.js:3:2047)
    at async n.create (C:\Users\pc\Desktop\Airbone\admin\.next\server\chunks\8510.js:3:2007)
    at async A (C:\Users\pc\Desktop\Airbone\admin\.next\server\app\api\v1\admissions\[id]\payments\route.js:1:1490) {
  code: 'P2010',
  meta: [Object],
  clientVersion: '6.19.3'
}
prisma:error 
Invalid `prisma.admission.findFirst()` invocation:


Inconsistent column data: Error creating UUID, invalid character: expected an optional prefix of `urn:uuid:` followed by [0-9a-fA-F-], found `u` at 1
[unhandled error] Error [PrismaClientKnownRequestError]: 
Invalid `prisma.admission.findFirst()` invocation:


Inconsistent column data: Error creating UUID, invalid character: expected an optional prefix of `urn:uuid:` followed by [0-9a-fA-F-], found `u` at 1
    at async r.getById (C:\Users\pc\Desktop\Airbone\admin\.next\server\chunks\9657.js:1:2273)
    at async z (C:\Users\pc\Desktop\Airbone\admin\.next\server\app\api\v1\admissions\[id]\route.js:1:2199)
    at async k (C:\Users\pc\Desktop\Airbone\admin\.next\server\app\api\v1\admissions\[id]\route.js:1:5199) {
  code: 'P2023',
  meta: [Object],
  clientVersion: '6.19.3'
}
prisma:error 
Invalid `prisma.admission.findFirst()` invocation:


Inconsistent column data: Error creating UUID, invalid character: expected an optional prefix of `urn:uuid:` followed by [0-9a-fA-F-], found `u` at 1
[unhandled error] Error [PrismaClientKnownRequestError]: 
Invalid `prisma.admission.findFirst()` invocation:


Inconsistent column data: Error creating UUID, invalid character: expected an optional prefix of `urn:uuid:` followed by [0-9a-fA-F-], found `u` at 1
    at async n.getSummaryByAdmission (C:\Users\pc\Desktop\Airbone\admin\.next\server\chunks\8510.js:5:4445)
    at async z (C:\Users\pc\Desktop\Airbone\admin\.next\server\app\api\v1\admissions\[id]\payments\route.js:1:1106)
    at async k (C:\Users\pc\Desktop\Airbone\admin\.next\server\app\api\v1\admissions\[id]\payments\route.js:1:4288) {
  code: 'P2023',
  meta: [Object],
  clientVersion: '6.19.3'
}
prisma:error 
Invalid `prisma.admission.findFirst()` invocation:


Inconsistent column data: Error creating UUID, invalid character: expected an optional prefix of `urn:uuid:` followed by [0-9a-fA-F-], found `u` at 1
[unhandled error] Error [PrismaClientKnownRequestError]: 
Invalid `prisma.admission.findFirst()` invocation:


Inconsistent column data: Error creating UUID, invalid character: expected an optional prefix of `urn:uuid:` followed by [0-9a-fA-F-], found `u` at 1
    at async r.getById (C:\Users\pc\Desktop\Airbone\admin\.next\server\chunks\9657.js:1:2273)
    at async r.changeStage (C:\Users\pc\Desktop\Airbone\admin\.next\server\chunks\9657.js:1:7891)
    at async z (C:\Users\pc\Desktop\Airbone\admin\.next\server\app\api\v1\admissions\[id]\stage\route.js:1:2528)
    at async k (C:\Users\pc\Desktop\Airbone\admin\.next\server\app\api\v1\admissions\[id]\stage\route.js:1:5535) {
  code: 'P2023',
  meta: [Object],
  clientVersion: '6.19.3'
}
prisma:error 
Invalid `prisma.admission.findFirst()` invocation:


Inconsistent column data: Error creating UUID, invalid character: expected an optional prefix of `urn:uuid:` followed by [0-9a-fA-F-], found `u` at 1
[unhandled error] Error [PrismaClientKnownRequestError]: 
Invalid `prisma.admission.findFirst()` invocation:


Inconsistent column data: Error creating UUID, invalid character: expected an optional prefix of `urn:uuid:` followed by [0-9a-fA-F-], found `u` at 1
    at async r.getById (C:\Users\pc\Desktop\Airbone\admin\.next\server\chunks\9657.js:1:2273)
    at async z (C:\Users\pc\Desktop\Airbone\admin\.next\server\app\api\v1\admissions\[id]\route.js:1:2199)
    at async k (C:\Users\pc\Desktop\Airbone\admin\.next\server\app\api\v1\admissions\[id]\route.js:1:5199) {
  code: 'P2023',
  meta: [Object],
  clientVersion: '6.19.3'
}
prisma:error 
Invalid `prisma.student.findFirst()` invocation:


Inconsistent column data: Error creating UUID, invalid character: expected an optional prefix of `urn:uuid:` followed by [0-9a-fA-F-], found `u` at 1
[unhandled error] Error [PrismaClientKnownRequestError]: 
Invalid `prisma.student.findFirst()` invocation:


Inconsistent column data: Error creating UUID, invalid character: expected an optional prefix of `urn:uuid:` followed by [0-9a-fA-F-], found `u` at 1
    at async l.getById (C:\Users\pc\Desktop\Airbone\admin\.next\server\chunks\5138.js:1:8359)
    at async z (C:\Users\pc\Desktop\Airbone\admin\.next\server\app\api\v1\students\[id]\route.js:1:872)
    at async k (C:\Users\pc\Desktop\Airbone\admin\.next\server\app\api\v1\students\[id]\route.js:1:4006) {
  code: 'P2023',
  meta: [Object],
  clientVersion: '6.19.3'
}
prisma:error 
Invalid `prisma.student.findFirst()` invocation:


Inconsistent column data: Error creating UUID, invalid character: expected an optional prefix of `urn:uuid:` followed by [0-9a-fA-F-], found `u` at 1
[unhandled error] Error [PrismaClientKnownRequestError]: 
Invalid `prisma.student.findFirst()` invocation:


Inconsistent column data: Error creating UUID, invalid character: expected an optional prefix of `urn:uuid:` followed by [0-9a-fA-F-], found `u` at 1
    at async l.getById (C:\Users\pc\Desktop\Airbone\admin\.next\server\chunks\5138.js:1:8359)
    at async l.update (C:\Users\pc\Desktop\Airbone\admin\.next\server\chunks\5138.js:1:9487)
    at async A (C:\Users\pc\Desktop\Airbone\admin\.next\server\app\api\v1\students\[id]\route.js:1:1088)
    at async k (C:\Users\pc\Desktop\Airbone\admin\.next\server\app\api\v1\students\[id]\route.js:1:4006) {
  code: 'P2023',
  meta: [Object],
  clientVersion: '6.19.3'
}
prisma:error 
Invalid `prisma.student.findFirst()` invocation:


Inconsistent column data: Error creating UUID, invalid character: expected an optional prefix of `urn:uuid:` followed by [0-9a-fA-F-], found `u` at 1
[unhandled error] Error [PrismaClientKnownRequestError]: 
Invalid `prisma.student.findFirst()` invocation:


Inconsistent column data: Error creating UUID, invalid character: expected an optional prefix of `urn:uuid:` followed by [0-9a-fA-F-], found `u` at 1
    at async l.getById (C:\Users\pc\Desktop\Airbone\admin\.next\server\chunks\5138.js:1:8359)
    at async z (C:\Users\pc\Desktop\Airbone\admin\.next\server\app\api\v1\students\[id]\route.js:1:872)
    at async k (C:\Users\pc\Desktop\Airbone\admin\.next\server\app\api\v1\students\[id]\route.js:1:4006) {
  code: 'P2023',
  meta: [Object],
  clientVersion: '6.19.3'
}
prisma:error 
Invalid `prisma.admission.findFirst()` invocation:


Inconsistent column data: Error creating UUID, invalid character: expected an optional prefix of `urn:uuid:` followed by [0-9a-fA-F-], found `u` at 1
[unhandled error] Error [PrismaClientKnownRequestError]: 
Invalid `prisma.admission.findFirst()` invocation:


Inconsistent column data: Error creating UUID, invalid character: expected an optional prefix of `urn:uuid:` followed by [0-9a-fA-F-], found `u` at 1
    at async r.getById (C:\Users\pc\Desktop\Airbone\admin\.next\server\chunks\9657.js:1:2273)
    at async r.update (C:\Users\pc\Desktop\Airbone\admin\.next\server\chunks\9657.js:1:4887)
    at async A (C:\Users\pc\Desktop\Airbone\admin\.next\server\app\api\v1\admissions\[id]\route.js:1:2432)
    at async k (C:\Users\pc\Desktop\Airbone\admin\.next\server\app\api\v1\admissions\[id]\route.js:1:5199) {
  code: 'P2023',
  meta: [Object],
  clientVersion: '6.19.3'
}
prisma:error 
Invalid `prisma.admission.findFirst()` invocation:


Inconsistent column data: Error creating UUID, invalid character: expected an optional prefix of `urn:uuid:` followed by [0-9a-fA-F-], found `u` at 1
[unhandled error] Error [PrismaClientKnownRequestError]: 
Invalid `prisma.admission.findFirst()` invocation:


Inconsistent column data: Error creating UUID, invalid character: expected an optional prefix of `urn:uuid:` followed by [0-9a-fA-F-], found `u` at 1
    at async r.getById (C:\Users\pc\Desktop\Airbone\admin\.next\server\chunks\9657.js:1:2273)
    at async z (C:\Users\pc\Desktop\Airbone\admin\.next\server\app\api\v1\admissions\[id]\route.js:1:2199)
    at async k (C:\Users\pc\Desktop\Airbone\admin\.next\server\app\api\v1\admissions\[id]\route.js:1:5199) {
  code: 'P2023',
  meta: [Object],
  clientVersion: '6.19.3'
}
prisma:error 
Invalid `prisma.admission.findFirst()` invocation:


Inconsistent column data: Error creating UUID, invalid character: expected an optional prefix of `urn:uuid:` followed by [0-9a-fA-F-], found `u` at 1
[unhandled error] Error [PrismaClientKnownRequestError]: 
Invalid `prisma.admission.findFirst()` invocation:


Inconsistent column data: Error creating UUID, invalid character: expected an optional prefix of `urn:uuid:` followed by [0-9a-fA-F-], found `u` at 1
    at async r.getById (C:\Users\pc\Desktop\Airbone\admin\.next\server\chunks\9657.js:1:2273)
    at async r.changeStage (C:\Users\pc\Desktop\Airbone\admin\.next\server\chunks\9657.js:1:7891)
    at async z (C:\Users\pc\Desktop\Airbone\admin\.next\server\app\api\v1\admissions\[id]\stage\route.js:1:2528)
    at async k (C:\Users\pc\Desktop\Airbone\admin\.next\server\app\api\v1\admissions\[id]\stage\route.js:1:5535) {
  code: 'P2023',
  meta: [Object],
  clientVersion: '6.19.3'
}
prisma:error 
Invalid `prisma.admission.findFirst()` invocation:


Inconsistent column data: Error creating UUID, invalid character: expected an optional prefix of `urn:uuid:` followed by [0-9a-fA-F-], found `u` at 1
[unhandled error] Error [PrismaClientKnownRequestError]: 
Invalid `prisma.admission.findFirst()` invocation:


Inconsistent column data: Error creating UUID, invalid character: expected an optional prefix of `urn:uuid:` followed by [0-9a-fA-F-], found `u` at 1
    at async r.getById (C:\Users\pc\Desktop\Airbone\admin\.next\server\chunks\9657.js:1:2273)
    at async z (C:\Users\pc\Desktop\Airbone\admin\.next\server\app\api\v1\admissions\[id]\route.js:1:2199)
    at async k (C:\Users\pc\Desktop\Airbone\admin\.next\server\app\api\v1\admissions\[id]\route.js:1:5199) {
  code: 'P2023',
  meta: [Object],
  clientVersion: '6.19.3'
}
prisma:error 
Invalid `prisma.$queryRaw()` invocation:


Raw query failed. Code: `22P02`. Message: `ERROR: invalid input syntax for type uuid: "undefined"`
[unhandled error] Error [PrismaClientKnownRequestError]: 
Invalid `prisma.$queryRaw()` invocation:


Raw query failed. Code: `22P02`. Message: `ERROR: invalid input syntax for type uuid: "undefined"`
    at async (C:\Users\pc\Desktop\Airbone\admin\.next\server\chunks\8510.js:3:2047)
    at async n.create (C:\Users\pc\Desktop\Airbone\admin\.next\server\chunks\8510.js:3:2007)
    at async A (C:\Users\pc\Desktop\Airbone\admin\.next\server\app\api\v1\admissions\[id]\payments\route.js:1:1490) {
  code: 'P2010',
  meta: [Object],
  clientVersion: '6.19.3'
}
prisma:error 
Invalid `prisma.admission.findFirst()` invocation:


Inconsistent column data: Error creating UUID, invalid character: expected an optional prefix of `urn:uuid:` followed by [0-9a-fA-F-], found `u` at 1
[unhandled error] Error [PrismaClientKnownRequestError]: 
Invalid `prisma.admission.findFirst()` invocation:


Inconsistent column data: Error creating UUID, invalid character: expected an optional prefix of `urn:uuid:` followed by [0-9a-fA-F-], found `u` at 1
    at async r.getById (C:\Users\pc\Desktop\Airbone\admin\.next\server\chunks\9657.js:1:2273)
    at async z (C:\Users\pc\Desktop\Airbone\admin\.next\server\app\api\v1\admissions\[id]\route.js:1:2199)
    at async k (C:\Users\pc\Desktop\Airbone\admin\.next\server\app\api\v1\admissions\[id]\route.js:1:5199) {
  code: 'P2023',
  meta: [Object],
  clientVersion: '6.19.3'
}
prisma:error 
Invalid `prisma.admission.findFirst()` invocation:


Inconsistent column data: Error creating UUID, invalid character: expected an optional prefix of `urn:uuid:` followed by [0-9a-fA-F-], found `u` at 1
[unhandled error] Error [PrismaClientKnownRequestError]: 
Invalid `prisma.admission.findFirst()` invocation:


Inconsistent column data: Error creating UUID, invalid character: expected an optional prefix of `urn:uuid:` followed by [0-9a-fA-F-], found `u` at 1
    at async n.getSummaryByAdmission (C:\Users\pc\Desktop\Airbone\admin\.next\server\chunks\8510.js:5:4445)
    at async z (C:\Users\pc\Desktop\Airbone\admin\.next\server\app\api\v1\admissions\[id]\payments\route.js:1:1106)
    at async k (C:\Users\pc\Desktop\Airbone\admin\.next\server\app\api\v1\admissions\[id]\payments\route.js:1:4288) {
  code: 'P2023',
  meta: [Object],
  clientVersion: '6.19.3'
}
prisma:error 
Invalid `prisma.admission.findFirst()` invocation:


Inconsistent column data: Error creating UUID, invalid character: expected an optional prefix of `urn:uuid:` followed by [0-9a-fA-F-], found `u` at 1
[unhandled error] Error [PrismaClientKnownRequestError]: 
Invalid `prisma.admission.findFirst()` invocation:


Inconsistent column data: Error creating UUID, invalid character: expected an optional prefix of `urn:uuid:` followed by [0-9a-fA-F-], found `u` at 1
    at async r.getById (C:\Users\pc\Desktop\Airbone\admin\.next\server\chunks\9657.js:1:2273)
    at async r.changeStage (C:\Users\pc\Desktop\Airbone\admin\.next\server\chunks\9657.js:1:7891)
    at async z (C:\Users\pc\Desktop\Airbone\admin\.next\server\app\api\v1\admissions\[id]\stage\route.js:1:2528)
    at async k (C:\Users\pc\Desktop\Airbone\admin\.next\server\app\api\v1\admissions\[id]\stage\route.js:1:5535) {
  code: 'P2023',
  meta: [Object],
  clientVersion: '6.19.3'
}
prisma:error 
Invalid `prisma.admission.findFirst()` invocation:


Inconsistent column data: Error creating UUID, invalid character: expected an optional prefix of `urn:uuid:` followed by [0-9a-fA-F-], found `u` at 1
[unhandled error] Error [PrismaClientKnownRequestError]: 
Invalid `prisma.admission.findFirst()` invocation:


Inconsistent column data: Error creating UUID, invalid character: expected an optional prefix of `urn:uuid:` followed by [0-9a-fA-F-], found `u` at 1
    at async r.getById (C:\Users\pc\Desktop\Airbone\admin\.next\server\chunks\9657.js:1:2273)
    at async z (C:\Users\pc\Desktop\Airbone\admin\.next\server\app\api\v1\admissions\[id]\route.js:1:2199)
    at async k (C:\Users\pc\Desktop\Airbone\admin\.next\server\app\api\v1\admissions\[id]\route.js:1:5199) {
  code: 'P2023',
  meta: [Object],
  clientVersion: '6.19.3'
}
prisma:error 
Invalid `prisma.student.findFirst()` invocation:


Inconsistent column data: Error creating UUID, invalid character: expected an optional prefix of `urn:uuid:` followed by [0-9a-fA-F-], found `u` at 1
[unhandled error] Error [PrismaClientKnownRequestError]: 
Invalid `prisma.student.findFirst()` invocation:


Inconsistent column data: Error creating UUID, invalid character: expected an optional prefix of `urn:uuid:` followed by [0-9a-fA-F-], found `u` at 1
    at async l.getById (C:\Users\pc\Desktop\Airbone\admin\.next\server\chunks\5138.js:1:8359)
    at async z (C:\Users\pc\Desktop\Airbone\admin\.next\server\app\api\v1\students\[id]\route.js:1:872)
    at async k (C:\Users\pc\Desktop\Airbone\admin\.next\server\app\api\v1\students\[id]\route.js:1:4006) {
  code: 'P2023',
  meta: [Object],
  clientVersion: '6.19.3'
}
prisma:error 
Invalid `prisma.student.findFirst()` invocation:


Inconsistent column data: Error creating UUID, invalid character: expected an optional prefix of `urn:uuid:` followed by [0-9a-fA-F-], found `u` at 1
[unhandled error] Error [PrismaClientKnownRequestError]: 
Invalid `prisma.student.findFirst()` invocation:


Inconsistent column data: Error creating UUID, invalid character: expected an optional prefix of `urn:uuid:` followed by [0-9a-fA-F-], found `u` at 1
    at async l.getById (C:\Users\pc\Desktop\Airbone\admin\.next\server\chunks\5138.js:1:8359)
    at async l.update (C:\Users\pc\Desktop\Airbone\admin\.next\server\chunks\5138.js:1:9487)
    at async A (C:\Users\pc\Desktop\Airbone\admin\.next\server\app\api\v1\students\[id]\route.js:1:1088)
    at async k (C:\Users\pc\Desktop\Airbone\admin\.next\server\app\api\v1\students\[id]\route.js:1:4006) {
  code: 'P2023',
  meta: [Object],
  clientVersion: '6.19.3'
}
prisma:error 
Invalid `prisma.student.findFirst()` invocation:


Inconsistent column data: Error creating UUID, invalid character: expected an optional prefix of `urn:uuid:` followed by [0-9a-fA-F-], found `u` at 1
[unhandled error] Error [PrismaClientKnownRequestError]: 
Invalid `prisma.student.findFirst()` invocation:


Inconsistent column data: Error creating UUID, invalid character: expected an optional prefix of `urn:uuid:` followed by [0-9a-fA-F-], found `u` at 1
    at async l.getById (C:\Users\pc\Desktop\Airbone\admin\.next\server\chunks\5138.js:1:8359)
    at async z (C:\Users\pc\Desktop\Airbone\admin\.next\server\app\api\v1\students\[id]\route.js:1:872)
    at async k (C:\Users\pc\Desktop\Airbone\admin\.next\server\app\api\v1\students\[id]\route.js:1:4006) {
  code: 'P2023',
  meta: [Object],
  clientVersion: '6.19.3'
}
